0.6
-0.75
2.75
1.4
6.2
-18.333
20.333
-4.2
-2.5
4.5
3.333
-1.333
4.4
-0.2
17.5
-16.5
-2.25
7.5
-6.5
6.25
-0.333
1.666
2.5
0.5